I'm sorry, but errors were detected in your script. Please correct the
errors listed below, and try again.


File "game/script.rpy", line 231: expected statement.
    Accountant = 1
               ^

File "game/script.rpy", line 233: expected statement.
    Accountant = 0
               ^

Ren'Py Version: Ren'Py 8.3.2.24090902
Sat Nov 23 17:32:59 2024
